Microchip MPLAB XC8 Compiler V3.10

Linker command line:

-W-3 --edf=/Applications/microchip/xc8/v3.10/pic/dat/20250813170317_en.msgs \
  -pivt0x8=08h -cn \
  -h+dist/default/production/EE310FinalProject.X.production.sym \
  --cmf=dist/default/production/EE310FinalProject.X.production.cmf -z \
  -Q18F47K42 -o/tmp/xcXhZTF2U/driver_tmp_3.o --defsym=__MPLAB_BUILD=1 \
  --fixupoverflow=error \
  -Mdist/default/production/EE310FinalProject.X.production.map \
  --md=/tmp/xcXhZTF2U/driver_tmp_0.dat -E1 -ver=XC8 Compiler \
  -ACODE=00h-01FFFFh -ACONST=00h-01FFFFh \
  -ASMALLCONST=02000h-020FFhx224,012000h-0120FFhx224 \
  -AMEDIUMCONST=02000h-0FFFFh,012000h-01FFFFh -ACOMRAM=01h-05Fh \
  -AABS1=00h-01FFFh -ABIGRAM=01h-01FFFh -ARAM=060h-0FFh,0100h-01FFhx31 \
  -ABANK0=060h-0FFh -ABANK1=0100h-01FFh -ABANK2=0200h-02FFh \
  -ABANK3=0300h-03FFh -ABANK4=0400h-04FFh -ABANK5=0500h-05FFh \
  -ABANK6=0600h-06FFh -ABANK7=0700h-07FFh -ABANK8=0800h-08FFh \
  -ABANK9=0900h-09FFh -ABANK10=0A00h-0AFFh -ABANK11=0B00h-0BFFh \
  -ABANK12=0C00h-0CFFh -ABANK13=0D00h-0DFFh -ABANK14=0E00h-0EFFh \
  -ABANK15=0F00h-0FFFh -ABANK16=01000h-010FFh -ABANK17=01100h-011FFh \
  -ABANK18=01200h-012FFh -ABANK19=01300h-013FFh -ABANK20=01400h-014FFh \
  -ABANK21=01500h-015FFh -ABANK22=01600h-016FFh -ABANK23=01700h-017FFh \
  -ABANK24=01800h-018FFh -ABANK25=01900h-019FFh -ABANK26=01A00h-01AFFh \
  -ABANK27=01B00h-01BFFh -ABANK28=01C00h-01CFFh -ABANK29=01D00h-01DFFh \
  -ABANK30=01E00h-01EFFh -ABANK31=01F00h-01FFFh \
  -ASFR=03800h-038FFhx7,03F00h-03F5Fh,03F60h-03FFFh -ABIGSFR=03800h-03FFFh \
  -ACONFIG=0300000h-0300009h -AIDLOC=0200000h-020000Fh \
  -AEEDATA=0310000h-03103FFh -peeprom_data=EEDATA -preset_vec=00h \
  -ppowerup=CODE,init -pramtop=02000h -psmallconst=SMALLCONST \
  -pmediumconst=MEDIUMCONST -pconst=CONST -AFARRAM=00h-00h \
  -prdata=COMRAM,nvrram=COMRAM,nvbit=COMRAM,rbss=COMRAM,rbit=COMRAM \
  -pfarbss=FARRAM,fardata=FARRAM,nvFARRAM=FARRAM \
  -pintsave_regs=BIGRAM,bigbss=BIGRAM,bigdata=BIGRAM -pbss=RAM \
  -pidata=CODE,irdata=CODE,ibigdata=CODE,ifardata=CODE -prparam=COMRAM \
  /tmp/xcXhZTF2U/driver_tmp_14.o \
  dist/default/production/EE310FinalProject.X.production.o 

Object code version is 3.11

Machine type is 18F47K42



                Name                               Link     Load   Length Selector   Space Scale
/tmp/xcXhZTF2U/driver_tmp_14.o
                config                           300000   300000        A        0       4
                init                                 1A       1A        4        4       0
                reset_vec                             0        0        4        0       0
dist/default/production/EE310FinalProject.X.production.o
                config                           300000   300000        A        0       4
                smallconst                         2000     2000       1A     1000       0
                ivt0x8                                8        8       12        4       0
                text20                             2656     2656       32     100D       0
                text19                             2760     2760       24     100D       0
                text18                             26B8     26B8       30     100D       0
                text17                             2784     2784       1A     100D       0
                text16                             273A     273A       26     100D       0
                text15                             279E     279E       10     100D       0
                text14                             226E     226E       B6     100D       0
                text13                             2712     2712       28     100D       0
                text12                             26E8     26E8       2A     100D       0
                text11                             2624     2624       32     100D       0
                text10                             25F0     25F0       34     100D       0
                text9                              2522     2522       4E     100D       0
                text8                              244C     244C       72     100D       0
                text7                              24BE     24BE       64     100D       0
                text6                              27AE     27AE        2     100D       0
                text5                              2324     2324       AC     100D       0
                text4                              201A     201A      180     100D       0
                text3                              2570     2570       42     100D       0
                text2                              2688     2688       30     100D       0
                text1                              219A     219A       D4     100D       0
                text0                              23D0     23D0       7C     100D       0
                cstackCOMRAM                          1        1       31        1       1
                bssBANK0                             60       60       20       60       1
                dataCOMRAM                           4E       4E        1        1       1
                bssCOMRAM                            32       32       1C        1       1
                cinit                              25B2     25B2       3E     100D       0
                idataCOMRAM                        27B0     27B0        1     100D       0

TOTAL           Name                               Link     Load   Length     Space
        CLASS   CODE           
                init                                 1A       1A        4         0
                reset_vec                             0        0        4         0
                ivt0x8                                8        8       12         0
                text20                             2656     2656       32         0
                text19                             2760     2760       24         0
                text18                             26B8     26B8       30         0
                text17                             2784     2784       1A         0
                text16                             273A     273A       26         0
                text15                             279E     279E       10         0
                text14                             226E     226E       B6         0
                text13                             2712     2712       28         0
                text12                             26E8     26E8       2A         0
                text11                             2624     2624       32         0
                text10                             25F0     25F0       34         0
                text9                              2522     2522       4E         0
                text8                              244C     244C       72         0
                text7                              24BE     24BE       64         0
                text6                              27AE     27AE        2         0
                text5                              2324     2324       AC         0
                text4                              201A     201A      180         0
                text3                              2570     2570       42         0
                text2                              2688     2688       30         0
                text1                              219A     219A       D4         0
                text0                              23D0     23D0       7C         0
                cinit                              25B2     25B2       3E         0
                idataCOMRAM                        27B0     27B0        1         0

        CLASS   CONST          

        CLASS   SMALLCONST     
                smallconst                         2000     2000       1A         0

        CLASS   MEDIUMCONST    

        CLASS   COMRAM         
                cstackCOMRAM                          1        1       31         1
                dataCOMRAM                           4E       4E        1         1
                bssCOMRAM                            32       32       1C         1

        CLASS   ABS1           

        CLASS   BIGRAM         

        CLASS   RAM            

        CLASS   BANK0          
                bssBANK0                             60       60       20         1

        CLASS   BANK1          

        CLASS   BANK2          

        CLASS   BANK3          

        CLASS   BANK4          

        CLASS   BANK5          

        CLASS   BANK6          

        CLASS   BANK7          

        CLASS   BANK8          

        CLASS   BANK9          

        CLASS   BANK10         

        CLASS   BANK11         

        CLASS   BANK12         

        CLASS   BANK13         

        CLASS   BANK14         

        CLASS   BANK15         

        CLASS   BANK16         

        CLASS   BANK17         

        CLASS   BANK18         

        CLASS   BANK19         

        CLASS   BANK20         

        CLASS   BANK21         

        CLASS   BANK22         

        CLASS   BANK23         

        CLASS   BANK24         

        CLASS   BANK25         

        CLASS   BANK26         

        CLASS   BANK27         

        CLASS   BANK28         

        CLASS   BANK29         

        CLASS   BANK30         

        CLASS   BANK31         

        CLASS   SFR            

        CLASS   BIGSFR         

        CLASS   CONFIG         
                config                           300000   300000        A         4

        CLASS   IDLOC          

        CLASS   EEDATA         

        CLASS   FARRAM         

        CLASS   HEAP           

        CLASS   STACK          



SEGMENTS        Name                           Load    Length   Top    Selector   Space  Class

                reset_vec                      000000  000004  000004         0       0  CODE    
                text4                          00201A  000797  0027B1      100D       0  CODE    
                ivt0x8                         000008  000016  00001E         4       0  CODE    
                bssBANK0                       000060  000020  000080        60       1  BANK0   
                cstackCOMRAM                   000001  00004E  00004F         1       1  COMRAM  
                smallconst                     002000  00001A  00201A      1000       0  SMALLCON


UNUSED ADDRESS RANGES

        Name                Unused          Largest block    Delta
        BANK0            000080-0000FF               80
        BANK1            000100-0001FF              100
        BANK10           000A00-000AFF              100
        BANK11           000B00-000BFF              100
        BANK12           000C00-000CFF              100
        BANK13           000D00-000DFF              100
        BANK14           000E00-000EFF              100
        BANK15           000F00-000FFF              100
        BANK16           001000-0010FF              100
        BANK17           001100-0011FF              100
        BANK18           001200-0012FF              100
        BANK19           001300-0013FF              100
        BANK2            000200-0002FF              100
        BANK20           001400-0014FF              100
        BANK21           001500-0015FF              100
        BANK22           001600-0016FF              100
        BANK23           001700-0017FF              100
        BANK24           001800-0018FF              100
        BANK25           001900-0019FF              100
        BANK26           001A00-001AFF              100
        BANK27           001B00-001BFF              100
        BANK28           001C00-001CFF              100
        BANK29           001D00-001DFF              100
        BANK3            000300-0003FF              100
        BANK30           001E00-001EFF              100
        BANK31           001F00-001FFF              100
        BANK4            000400-0004FF              100
        BANK5            000500-0005FF              100
        BANK6            000600-0006FF              100
        BANK7            000700-0007FF              100
        BANK8            000800-0008FF              100
        BANK9            000900-0009FF              100
        BIGRAM           00004F-00005F               11
                         000080-001FFF             1F80
        BIGSFR           003800-003FFF              800
        CODE             000004-000007                4
                         00001E-001FFF             1FE2
                         0027B1-01FFFF            1D84F
        COMRAM           00004F-00005F               11
        CONST            000004-000007                4
                         00001E-001FFF             1FE2
                         0027B1-01FFFF            1D84F
        EEDATA           310000-3103FF              400
        IDLOC            200000-20000F               10
        MEDIUMCONST      0027B1-00FFFF             D84F
                         012000-01FFFF             E000
        RAM              000080-001FFF              100
        SFR              003800-003FFF              100
        SMALLCONST       0027B1-00FFFF              100
                         012000-01FFFF              100

                                  Symbol Table

?_ADC_Read                     cstackCOMRAM 000001
?_Step_Detection               cstackCOMRAM 000005
?___lwdiv                      cstackCOMRAM 000001
?___lwmod                      cstackCOMRAM 000001
?_abs                          cstackCOMRAM 000001
?_sprintf                      cstackCOMRAM 000017
?_vfprintf                     cstackCOMRAM 000013
ADC_Read@channel               cstackCOMRAM 000005
IVTBASEH                       (abs)        003FD6
IVTBASEL                       (abs)        003FD5
IVTBASEU                       (abs)        003FD7
LCD_Char@dat                   cstackCOMRAM 000001
LCD_Command@cmd                cstackCOMRAM 000001
LCD_Print_Status@movement      cstackCOMRAM 00002B
LCD_Print_Status@reset_timer   bssCOMRAM    00003D
LCD_Print_Status@x_val         cstackCOMRAM 000027
LCD_Print_Status@y_val         cstackCOMRAM 000029
LCD_String@msg                 cstackCOMRAM 000002
LCD_String_xy@location         cstackCOMRAM 000006
LCD_String_xy@msg              cstackCOMRAM 000004
LCD_String_xy@pos              cstackCOMRAM 000003
LCD_String_xy@row              cstackCOMRAM 000005
Step_Detection@movement        cstackCOMRAM 00000B
Step_Detection@prev_x          bssCOMRAM    000038
Step_Detection@prev_y          bssCOMRAM    000036
Step_Detection@x_val           cstackCOMRAM 000005
Step_Detection@y_val           cstackCOMRAM 000007
_ADACQH                        (abs)        003EF4
_ADACQL                        (abs)        003EF3
_ADCLK                         (abs)        003EFF
_ADCON0bits                    (abs)        003EF8
_ADC_Init                      text19       002760
_ADC_Read                      text18       0026B8
_ADPCH                         (abs)        003EF1
_ADPREH                        (abs)        003EF7
_ADPREL                        (abs)        003EF6
_ADRESH                        (abs)        003EF0
_ADRESL                        (abs)        003EEF
_ANSELAbits                    (abs)        003A40
_ANSELB                        (abs)        003A50
_ANSELC                        (abs)        003A60
_ANSELCbits                    (abs)        003A60
_ANSELD                        (abs)        003A70
_Button_Interrupt_Init         text17       002784
_INTCON0bits                   (abs)        003FD2
_IOCCFbits                     (abs)        003A67
_IOCCNbits                     (abs)        003A66
_IOCCPbits                     (abs)        003A65
_ISR                           text20       002656
_LATB                          (abs)        003FBB
_LATC                          (abs)        003FBC
_LATD                          (abs)        003FBD
_LATDbits                      (abs)        003FBD
_LCD_Char                      text13       002712
_LCD_Clear                     text15       00279E
_LCD_Command                   text16       00273A
_LCD_Init                      text14       00226E
_LCD_Print_Status              text1        00219A
_LCD_String                    text12       0026E8
_LCD_String_xy                 text11       002624
_PIE0bits                      (abs)        003990
_PIR0bits                      (abs)        0039A0
_Step_Detection                text9        002522
_TRISAbits                     (abs)        003FC2
_TRISB                         (abs)        003FC3
_TRISC                         (abs)        003FC4
_TRISCbits                     (abs)        003FC4
_TRISD                         (abs)        003FC5
_WPUCbits                      (abs)        003A61
__HRAM                         (abs)        000000
__H__absolute__                __absolute__ 000000
__Habs1                        abs1         000000
__Hbank0                       bank0        000000
__Hbank1                       bank1        000000
__Hbank10                      bank10       000000
__Hbank11                      bank11       000000
__Hbank12                      bank12       000000
__Hbank13                      bank13       000000
__Hbank14                      bank14       000000
__Hbank15                      bank15       000000
__Hbank16                      bank16       000000
__Hbank17                      bank17       000000
__Hbank18                      bank18       000000
__Hbank19                      bank19       000000
__Hbank2                       bank2        000000
__Hbank20                      bank20       000000
__Hbank21                      bank21       000000
__Hbank22                      bank22       000000
__Hbank23                      bank23       000000
__Hbank24                      bank24       000000
__Hbank25                      bank25       000000
__Hbank26                      bank26       000000
__Hbank27                      bank27       000000
__Hbank28                      bank28       000000
__Hbank29                      bank29       000000
__Hbank3                       bank3        000000
__Hbank30                      bank30       000000
__Hbank31                      bank31       000000
__Hbank4                       bank4        000000
__Hbank5                       bank5        000000
__Hbank6                       bank6        000000
__Hbank7                       bank7        000000
__Hbank8                       bank8        000000
__Hbank9                       bank9        000000
__Hbigbss                      bigbss       000000
__Hbigdata                     bigdata      000000
__Hbigram                      bigram       000000
__Hbigsfr                      bigsfr       000000
__Hbss                         bss          000000
__HbssBANK0                    bssBANK0     000000
__HbssCOMRAM                   bssCOMRAM    000000
__Hcinit                       cinit        000000
__Hclrtext                     clrtext      000000
__Hcomram                      comram       000000
__Hconfig                      config       30000A
__Hconst                       const        000000
__HcstackCOMRAM                cstackCOMRAM 000000
__Hdata                        data         000000
__HdataCOMRAM                  dataCOMRAM   000000
__Heeprom_data                 eeprom_data  000000
__Hfarbss                      farbss       000000
__Hfardata                     fardata      000000
__Hheap                        heap         000000
__Hibigdata                    ibigdata     000000
__Hidata                       idata        000000
__HidataCOMRAM                 idataCOMRAM  000000
__Hidloc                       idloc        000000
__Hifardata                    ifardata     000000
__Hinit                        init         00001E
__Hintsave_regs                intsave_regs 000000
__Hirdata                      irdata       000000
__Hivt0x8                      ivt0x8       00001A
__Hmediumconst                 mediumconst  000000
__HnvFARRAM                    nvFARRAM     000000
__Hnvbit                       nvbit        000000
__Hnvrram                      nvrram       000000
__Hparam                       rparam       000000
__Hpowerup                     powerup      000000
__Hram                         ram          000000
__Hramtop                      ramtop       002000
__Hrbit                        rbit         000000
__Hrbss                        rbss         000000
__Hrdata                       rdata        000000
__Hreset_vec                   reset_vec    000004
__Hrparam                      rparam       000000
__Hsfr                         sfr          000000
__Hsmallconst                  smallconst   00201A
__Hspace_0                     (abs)        0027B1
__Hspace_1                     (abs)        000080
__Hspace_2                     (abs)        000000
__Hspace_4                     (abs)        60000A
__Hstack                       stack        000000
__Hstruct                      struct       000000
__Htemp                        temp         000000
__Htext                        text         000000
__Htext0                       text0        000000
__Htext1                       text1        000000
__Htext10                      text10       000000
__Htext11                      text11       000000
__Htext12                      text12       000000
__Htext13                      text13       000000
__Htext14                      text14       000000
__Htext15                      text15       000000
__Htext16                      text16       000000
__Htext17                      text17       000000
__Htext18                      text18       000000
__Htext19                      text19       000000
__Htext2                       text2        000000
__Htext20                      text20       000000
__Htext3                       text3        000000
__Htext4                       text4        000000
__Htext5                       text5        000000
__Htext6                       text6        000000
__Htext7                       text7        000000
__Htext8                       text8        000000
__Htext9                       text9        000000
__LRAM                         (abs)        000001
__L__absolute__                __absolute__ 000000
__Labs1                        abs1         000000
__Lbank0                       bank0        000000
__Lbank1                       bank1        000000
__Lbank10                      bank10       000000
__Lbank11                      bank11       000000
__Lbank12                      bank12       000000
__Lbank13                      bank13       000000
__Lbank14                      bank14       000000
__Lbank15                      bank15       000000
__Lbank16                      bank16       000000
__Lbank17                      bank17       000000
__Lbank18                      bank18       000000
__Lbank19                      bank19       000000
__Lbank2                       bank2        000000
__Lbank20                      bank20       000000
__Lbank21                      bank21       000000
__Lbank22                      bank22       000000
__Lbank23                      bank23       000000
__Lbank24                      bank24       000000
__Lbank25                      bank25       000000
__Lbank26                      bank26       000000
__Lbank27                      bank27       000000
__Lbank28                      bank28       000000
__Lbank29                      bank29       000000
__Lbank3                       bank3        000000
__Lbank30                      bank30       000000
__Lbank31                      bank31       000000
__Lbank4                       bank4        000000
__Lbank5                       bank5        000000
__Lbank6                       bank6        000000
__Lbank7                       bank7        000000
__Lbank8                       bank8        000000
__Lbank9                       bank9        000000
__Lbigbss                      bigbss       000000
__Lbigdata                     bigdata      000000
__Lbigram                      bigram       000000
__Lbigsfr                      bigsfr       000000
__Lbss                         bss          000000
__LbssBANK0                    bssBANK0     000000
__LbssCOMRAM                   bssCOMRAM    000000
__Lcinit                       cinit        000000
__Lclrtext                     clrtext      000000
__Lcomram                      comram       000000
__Lconfig                      config       000000
__Lconst                       const        000000
__LcstackCOMRAM                cstackCOMRAM 000000
__Ldata                        data         000000
__LdataCOMRAM                  dataCOMRAM   000000
__Leeprom_data                 eeprom_data  000000
__Lfarbss                      farbss       000000
__Lfardata                     fardata      000000
__Lheap                        heap         000000
__Libigdata                    ibigdata     000000
__Lidata                       idata        000000
__LidataCOMRAM                 idataCOMRAM  000000
__Lidloc                       idloc        000000
__Lifardata                    ifardata     000000
__Linit                        init         00001A
__Lintsave_regs                intsave_regs 000000
__Lirdata                      irdata       000000
__Livt0x8                      ivt0x8       000008
__Lmediumconst                 mediumconst  000000
__LnvFARRAM                    nvFARRAM     000000
__Lnvbit                       nvbit        000000
__Lnvrram                      nvrram       000000
__Lparam                       rparam       000000
__Lpowerup                     powerup      000000
__Lram                         ram          000000
__Lramtop                      ramtop       002000
__Lrbit                        rbit         000000
__Lrbss                        rbss         000000
__Lrdata                       rdata        000000
__Lreset_vec                   reset_vec    000000
__Lrparam                      rparam       000000
__Lsfr                         sfr          000000
__Lsmallconst                  smallconst   002000
__Lspace_0                     (abs)        000000
__Lspace_1                     (abs)        000000
__Lspace_2                     (abs)        000000
__Lspace_4                     (abs)        000000
__Lstack                       stack        000000
__Lstruct                      struct       000000
__Ltemp                        temp         000000
__Ltext                        text         000000
__Ltext0                       text0        000000
__Ltext1                       text1        000000
__Ltext10                      text10       000000
__Ltext11                      text11       000000
__Ltext12                      text12       000000
__Ltext13                      text13       000000
__Ltext14                      text14       000000
__Ltext15                      text15       000000
__Ltext16                      text16       000000
__Ltext17                      text17       000000
__Ltext18                      text18       000000
__Ltext19                      text19       000000
__Ltext2                       text2        000000
__Ltext20                      text20       000000
__Ltext3                       text3        000000
__Ltext4                       text4        000000
__Ltext5                       text5        000000
__Ltext6                       text6        000000
__Ltext7                       text7        000000
__Ltext8                       text8        000000
__Ltext9                       text9        000000
__S0                           (abs)        0027B1
__S1                           (abs)        000080
__S4                           (abs)        000000
__S5                           (abs)        000000
___heap_hi                     (abs)        000000
___heap_lo                     (abs)        000000
___inthi_sp                    stack        000000
___inthi_stack_hi              stack        000000
___inthi_stack_lo              stack        000000
___intlo_sp                    stack        000000
___intlo_stack_hi              stack        000000
___intlo_stack_lo              stack        000000
___lwdiv                       text8        00244C
___lwdiv@counter               cstackCOMRAM 000007
___lwdiv@dividend              cstackCOMRAM 000001
___lwdiv@divisor               cstackCOMRAM 000003
___lwdiv@quotient              cstackCOMRAM 000005
___lwmod                       text7        0024BE
___lwmod@counter               cstackCOMRAM 000005
___lwmod@dividend              cstackCOMRAM 000001
___lwmod@divisor               cstackCOMRAM 000003
___param_bank                  (abs)        000000
___rparam_used                 (abs)        000001
___sp                          stack        000000
___stack_hi                    stack        000000
___stack_lo                    stack        000000
__accesstop                    (abs)        000060
__activetblptr                 (abs)        000003
__end_of_ADC_Init              text19       002784
__end_of_ADC_Read              text18       0026E8
__end_of_Button_Interrupt_Init text17       00279E
__end_of_ISR                   text20       002688
__end_of_LCD_Char              text13       00273A
__end_of_LCD_Clear             text15       0027AE
__end_of_LCD_Command           text16       002760
__end_of_LCD_Init              text14       002324
__end_of_LCD_Print_Status      text1        00226E
__end_of_LCD_String            text12       002712
__end_of_LCD_String_xy         text11       002656
__end_of_Step_Detection        text9        002570
__end_of___lwdiv               text8        0024BE
__end_of___lwmod               text7        002522
__end_of__initialization       cinit        0025EA
__end_of_abs                   text10       002624
__end_of_fputc                 text5        0023D0
__end_of_main                  text0        00244C
__end_of_putch                 text6        0027B0
__end_of_sprintf               text2        0026B8
__end_of_vfpfcnvrt             text4        00219A
__end_of_vfprintf              text3        0025B2
__initialization               cinit        0025B2
__mediumconst                  smallconst   002000
__pbssBANK0                    bssBANK0     000060
__pbssCOMRAM                   bssCOMRAM    000032
__pcinit                       cinit        0025B2
__pcstackCOMRAM                cstackCOMRAM 000001
__pdataCOMRAM                  dataCOMRAM   00004E
__pidataCOMRAM                 idataCOMRAM  0027B0
__pivt0x8                      ivt0x8       000008
__psmallconst                  smallconst   002000
__ptext0                       text0        0023D0
__ptext1                       text1        00219A
__ptext10                      text10       0025F0
__ptext11                      text11       002624
__ptext12                      text12       0026E8
__ptext13                      text13       002712
__ptext14                      text14       00226E
__ptext15                      text15       00279E
__ptext16                      text16       00273A
__ptext17                      text17       002784
__ptext18                      text18       0026B8
__ptext19                      text19       002760
__ptext2                       text2        002688
__ptext20                      text20       002656
__ptext3                       text3        002570
__ptext4                       text4        00201A
__ptext5                       text5        002324
__ptext6                       text6        0027AE
__ptext7                       text7        0024BE
__ptext8                       text8        00244C
__ptext9                       text9        002522
__ramtop                       ramtop       002000
__smallconst                   smallconst   002000
_abs                           text10       0025F0
_dbuf                          bssBANK0     000060
_flags                         bssCOMRAM    00003C
_fputc                         text5        002324
_lcd_buffer                    bssCOMRAM    00003E
_main                          text0        0023D0
_prec                          bssCOMRAM    000034
_putch                         text6        0027AE
_ready_for_step                dataCOMRAM   00004E
_sprintf                       text2        002688
_step_count                    bssCOMRAM    00003A
_vfpfcnvrt                     text4        00201A
_vfprintf                      text3        002570
_width                         bssCOMRAM    000032
abs@a                          cstackCOMRAM 000001
end_of_initialization          cinit        0025EA
fputc@c                        cstackCOMRAM 000001
fputc@fp                       cstackCOMRAM 000003
intlevel0                      text         000000
intlevel1                      text         000000
intlevel2                      text         000000
intlevel3                      text         000000
isa$std                        (abs)        000001
isa$xinst                      (abs)        000000
ivt0x8_base                    ivt0x8       000008
main@x_val                     cstackCOMRAM 00002E
main@y_val                     cstackCOMRAM 000030
sprintf@ap                     cstackCOMRAM 00001B
sprintf@f                      cstackCOMRAM 00001C
sprintf@fmt                    cstackCOMRAM 000018
sprintf@s                      cstackCOMRAM 000017
stackhi                        (abs)        000000
stacklo                        (abs)        000000
start                          init         00001A
start_initialization           cinit        0025B2
vfpfcnvrt@ap                   cstackCOMRAM 00000B
vfpfcnvrt@c                    cstackCOMRAM 000012
vfpfcnvrt@convarg              cstackCOMRAM 00000D
vfpfcnvrt@cp                   cstackCOMRAM 000011
vfpfcnvrt@fmt                  cstackCOMRAM 00000A
vfpfcnvrt@fp                   cstackCOMRAM 000009
vfprintf@ap                    cstackCOMRAM 000015
vfprintf@cfmt                  cstackCOMRAM 000016
vfprintf@fmt                   cstackCOMRAM 000014
vfprintf@fp                    cstackCOMRAM 000013


MODULE INFORMATION

Module		Function		Class		Link	Load	Size
/Applications/microchip/xc8/v3.10/pic/sources/c99/common/lwdiv.c
		___lwdiv       		CODE           	244C	0000	114

/Applications/microchip/xc8/v3.10/pic/sources/c99/common/lwdiv.c estimated size: 114

/Applications/microchip/xc8/v3.10/pic/sources/c99/common/nf_sprintf.c
		_sprintf       		CODE           	2688	0000	48

/Applications/microchip/xc8/v3.10/pic/sources/c99/common/nf_sprintf.c estimated size: 48

shared
		__initialization		CODE           	25B2	0000	56

shared estimated size: 56

/Applications/microchip/xc8/v3.10/pic/sources/c99/common/lwmod.c
		___lwmod       		CODE           	24BE	0000	100

/Applications/microchip/xc8/v3.10/pic/sources/c99/common/lwmod.c estimated size: 100

/Applications/microchip/xc8/v3.10/pic/sources/c99/common/putch.c
		_putch         		CODE           	27AE	0000	2

/Applications/microchip/xc8/v3.10/pic/sources/c99/common/putch.c estimated size: 2

/Applications/microchip/xc8/v3.10/pic/sources/c99/common/doprnt.c
		_vfpfcnvrt     		CODE           	201A	0000	384
		_vfprintf      		CODE           	2570	0000	66

/Applications/microchip/xc8/v3.10/pic/sources/c99/common/doprnt.c estimated size: 450

/Applications/microchip/xc8/v3.10/pic/sources/c99/common/abs.c
		_abs           		CODE           	25F0	0000	52

/Applications/microchip/xc8/v3.10/pic/sources/c99/common/abs.c estimated size: 52

main.c
		_LCD_String    		CODE           	26E8	0000	42
		_LCD_Init      		CODE           	226E	0000	182
		_Button_Interrupt_Init		CODE           	2784	0000	26
		_LCD_Command   		CODE           	273A	0000	38
		_ISR           		CODE           	2656	0000	50
		_LCD_String_xy 		CODE           	2624	0000	50
		_main          		CODE           	23D0	0000	124
		_LCD_Char      		CODE           	2712	0000	40
		_LCD_Clear     		CODE           	279E	0000	16
		_LCD_Print_Status		CODE           	219A	0000	212
		_ADC_Read      		CODE           	26B8	0000	48
		_ADC_Init      		CODE           	2760	0000	36
		_Step_Detection		CODE           	2522	0000	78

main.c estimated size: 942

/Applications/microchip/xc8/v3.10/pic/sources/c99/common/nf_fputc.c
		_fputc         		CODE           	2324	0000	172

/Applications/microchip/xc8/v3.10/pic/sources/c99/common/nf_fputc.c estimated size: 172

