Microchip MPLAB XC8 Compiler V3.10

Linker command line:

-W-3 --edf=/Applications/microchip/xc8/v3.10/pic/dat/20250813170317_en.msgs \
  -pivt0x8=08h -cn -h+dist/default/debug/EE310FinalProject.X.debug.sym \
  --cmf=dist/default/debug/EE310FinalProject.X.debug.cmf -z -Q18F47K42 \
  -o/tmp/xc4L2sLqu/driver_tmp_3.o --defsym=__MPLAB_BUILD=1 \
  --fixupoverflow=error -Mdist/default/debug/EE310FinalProject.X.debug.map \
  --md=/tmp/xc4L2sLqu/driver_tmp_0.dat -E1 -ver=XC8 Compiler \
  -ACODE=00h-01FFFFh -ACONST=00h-01FFFFh \
  -ASMALLCONST=02000h-020FFhx224,012000h-0120FFhx224 \
  -AMEDIUMCONST=02000h-0FFFFh,012000h-01FFFFh -ACOMRAM=01h-05Fh \
  -AABS1=00h-01FFFh -ABIGRAM=01h-01FFFh -ARAM=060h-0FFh,0100h-01FFhx31 \
  -ABANK0=060h-0FFh -ABANK1=0100h-01FFh -ABANK2=0200h-02FFh \
  -ABANK3=0300h-03FFh -ABANK4=0400h-04FFh -ABANK5=0500h-05FFh \
  -ABANK6=0600h-06FFh -ABANK7=0700h-07FFh -ABANK8=0800h-08FFh \
  -ABANK9=0900h-09FFh -ABANK10=0A00h-0AFFh -ABANK11=0B00h-0BFFh \
  -ABANK12=0C00h-0CFFh -ABANK13=0D00h-0DFFh -ABANK14=0E00h-0EFFh \
  -ABANK15=0F00h-0FFFh -ABANK16=01000h-010FFh -ABANK17=01100h-011FFh \
  -ABANK18=01200h-012FFh -ABANK19=01300h-013FFh -ABANK20=01400h-014FFh \
  -ABANK21=01500h-015FFh -ABANK22=01600h-016FFh -ABANK23=01700h-017FFh \
  -ABANK24=01800h-018FFh -ABANK25=01900h-019FFh -ABANK26=01A00h-01AFFh \
  -ABANK27=01B00h-01BFFh -ABANK28=01C00h-01CFFh -ABANK29=01D00h-01DFFh \
  -ABANK30=01E00h-01EFFh -ABANK31=01F00h-01FFFh \
  -ASFR=03800h-038FFhx7,03F00h-03F5Fh,03F60h-03FFFh -ABIGSFR=03800h-03FFFh \
  -ACONFIG=0300000h-0300009h -AIDLOC=0200000h-020000Fh \
  -AEEDATA=0310000h-03103FFh -peeprom_data=EEDATA -preset_vec=00h \
  -ppowerup=CODE,init -pramtop=02000h -psmallconst=SMALLCONST \
  -pmediumconst=MEDIUMCONST -pconst=CONST -AFARRAM=00h-00h \
  -prdata=COMRAM,nvrram=COMRAM,nvbit=COMRAM,rbss=COMRAM,rbit=COMRAM \
  -pfarbss=FARRAM,fardata=FARRAM,nvFARRAM=FARRAM \
  -pintsave_regs=BIGRAM,bigbss=BIGRAM,bigdata=BIGRAM -pbss=RAM \
  -pidata=CODE,irdata=CODE,ibigdata=CODE,ifardata=CODE -prparam=COMRAM \
  /tmp/xc4L2sLqu/driver_tmp_14.o \
  dist/default/debug/EE310FinalProject.X.debug.o 

Object code version is 3.11

Machine type is 18F47K42



                Name                               Link     Load   Length Selector   Space Scale
/tmp/xc4L2sLqu/driver_tmp_14.o
                config                           300000   300000        A        0       4
                init                                 1A       1A        4        4       0
                reset_vec                             0        0        4        0       0
dist/default/debug/EE310FinalProject.X.debug.o
                config                           300000   300000        A        0       4
                smallconst                         2000     2000       1A     1000       0
                ivt0x8                                8        8       12        4       0
                text18                             23F8     23F8       6E     100D       0
                text17                             2736     2736       24     100D       0
                text16                             268E     268E       30     100D       0
                text15                             2710     2710       26     100D       0
                text14                             219A     219A       B6     100D       0
                text13                             26E8     26E8       28     100D       0
                text12                             26BE     26BE       2A     100D       0
                text11                             262C     262C       32     100D       0
                text10                             25F8     25F8       34     100D       0
                text9                              252A     252A       4E     100D       0
                text8                              2386     2386       72     100D       0
                text7                              2466     2466       64     100D       0
                text6                              275A     275A        2     100D       0
                text5                              2250     2250       AC     100D       0
                text4                              201A     201A      180     100D       0
                text3                              2578     2578       42     100D       0
                text2                              265E     265E       30     100D       0
                text1                              24CA     24CA       60     100D       0
                text0                              22FC     22FC       8A     100D       0
                cstackCOMRAM                          1        1       34        1       1
                bssBANK0                             60       60       20       60       1
                dataCOMRAM                           56       56        1        1       1
                bssCOMRAM                            35       35       21        1       1
                cinit                              25BA     25BA       3E     100D       0
                idataCOMRAM                        275C     275C        1     100D       0

TOTAL           Name                               Link     Load   Length     Space
        CLASS   CODE           
                init                                 1A       1A        4         0
                reset_vec                             0        0        4         0
                ivt0x8                                8        8       12         0
                text18                             23F8     23F8       6E         0
                text17                             2736     2736       24         0
                text16                             268E     268E       30         0
                text15                             2710     2710       26         0
                text14                             219A     219A       B6         0
                text13                             26E8     26E8       28         0
                text12                             26BE     26BE       2A         0
                text11                             262C     262C       32         0
                text10                             25F8     25F8       34         0
                text9                              252A     252A       4E         0
                text8                              2386     2386       72         0
                text7                              2466     2466       64         0
                text6                              275A     275A        2         0
                text5                              2250     2250       AC         0
                text4                              201A     201A      180         0
                text3                              2578     2578       42         0
                text2                              265E     265E       30         0
                text1                              24CA     24CA       60         0
                text0                              22FC     22FC       8A         0
                cinit                              25BA     25BA       3E         0
                idataCOMRAM                        275C     275C        1         0

        CLASS   CONST          

        CLASS   SMALLCONST     
                smallconst                         2000     2000       1A         0

        CLASS   MEDIUMCONST    

        CLASS   COMRAM         
                cstackCOMRAM                          1        1       34         1
                dataCOMRAM                           56       56        1         1
                bssCOMRAM                            35       35       21         1

        CLASS   ABS1           

        CLASS   BIGRAM         

        CLASS   RAM            

        CLASS   BANK0          
                bssBANK0                             60       60       20         1

        CLASS   BANK1          

        CLASS   BANK2          

        CLASS   BANK3          

        CLASS   BANK4          

        CLASS   BANK5          

        CLASS   BANK6          

        CLASS   BANK7          

        CLASS   BANK8          

        CLASS   BANK9          

        CLASS   BANK10         

        CLASS   BANK11         

        CLASS   BANK12         

        CLASS   BANK13         

        CLASS   BANK14         

        CLASS   BANK15         

        CLASS   BANK16         

        CLASS   BANK17         

        CLASS   BANK18         

        CLASS   BANK19         

        CLASS   BANK20         

        CLASS   BANK21         

        CLASS   BANK22         

        CLASS   BANK23         

        CLASS   BANK24         

        CLASS   BANK25         

        CLASS   BANK26         

        CLASS   BANK27         

        CLASS   BANK28         

        CLASS   BANK29         

        CLASS   BANK30         

        CLASS   BANK31         

        CLASS   SFR            

        CLASS   BIGSFR         

        CLASS   CONFIG         
                config                           300000   300000        A         4

        CLASS   IDLOC          

        CLASS   EEDATA         

        CLASS   FARRAM         

        CLASS   HEAP           

        CLASS   STACK          



SEGMENTS        Name                           Load    Length   Top    Selector   Space  Class

                reset_vec                      000000  000004  000004         0       0  CODE    
                text4                          00201A  000743  00275D      100D       0  CODE    
                ivt0x8                         000008  000016  00001E         4       0  CODE    
                bssBANK0                       000060  000020  000080        60       1  BANK0   
                cstackCOMRAM                   000001  000056  000057         1       1  COMRAM  
                smallconst                     002000  00001A  00201A      1000       0  SMALLCON


UNUSED ADDRESS RANGES

        Name                Unused          Largest block    Delta
        BANK0            000080-0000FF               80
        BANK1            000100-0001FF              100
        BANK10           000A00-000AFF              100
        BANK11           000B00-000BFF              100
        BANK12           000C00-000CFF              100
        BANK13           000D00-000DFF              100
        BANK14           000E00-000EFF              100
        BANK15           000F00-000FFF              100
        BANK16           001000-0010FF              100
        BANK17           001100-0011FF              100
        BANK18           001200-0012FF              100
        BANK19           001300-0013FF              100
        BANK2            000200-0002FF              100
        BANK20           001400-0014FF              100
        BANK21           001500-0015FF              100
        BANK22           001600-0016FF              100
        BANK23           001700-0017FF              100
        BANK24           001800-0018FF              100
        BANK25           001900-0019FF              100
        BANK26           001A00-001AFF              100
        BANK27           001B00-001BFF              100
        BANK28           001C00-001CFF              100
        BANK29           001D00-001DFF              100
        BANK3            000300-0003FF              100
        BANK30           001E00-001EFF              100
        BANK31           001F00-001FFF              100
        BANK4            000400-0004FF              100
        BANK5            000500-0005FF              100
        BANK6            000600-0006FF              100
        BANK7            000700-0007FF              100
        BANK8            000800-0008FF              100
        BANK9            000900-0009FF              100
        BIGRAM           000057-00005F                9
                         000080-001FFF             1F80
        BIGSFR           003800-003FFF              800
        CODE             000004-000007                4
                         00001E-001FFF             1FE2
                         00275D-01FFFF            1D8A3
        COMRAM           000057-00005F                9
        CONST            000004-000007                4
                         00001E-001FFF             1FE2
                         00275D-01FFFF            1D8A3
        EEDATA           310000-3103FF              400
        IDLOC            200000-20000F               10
        MEDIUMCONST      00275D-00FFFF             D8A3
                         012000-01FFFF             E000
        RAM              000080-001FFF              100
        SFR              003800-003FFF              100
        SMALLCONST       00275D-00FFFF              100
                         012000-01FFFF              100

                                  Symbol Table

?_ADC_Read                cstackCOMRAM 000004
?_Step_Detection          cstackCOMRAM 000008
?___lwdiv                 cstackCOMRAM 000004
?___lwmod                 cstackCOMRAM 000004
?_abs                     cstackCOMRAM 000004
?_sprintf                 cstackCOMRAM 00001A
?_vfprintf                cstackCOMRAM 000016
ADC_Read@channel          cstackCOMRAM 000008
ISR@i                     cstackCOMRAM 000002
IVTBASEH                  (abs)        003FD6
IVTBASEL                  (abs)        003FD5
IVTBASEU                  (abs)        003FD7
LCD_Char@dat              cstackCOMRAM 000004
LCD_Command@cmd           cstackCOMRAM 000004
LCD_Print_Status@movement cstackCOMRAM 00002E
LCD_Print_Status@x_val    cstackCOMRAM 00002A
LCD_Print_Status@y_val    cstackCOMRAM 00002C
LCD_String@msg            cstackCOMRAM 000005
LCD_String_xy@location    cstackCOMRAM 000009
LCD_String_xy@msg         cstackCOMRAM 000007
LCD_String_xy@pos         cstackCOMRAM 000006
LCD_String_xy@row         cstackCOMRAM 000008
Step_Detection@movement   cstackCOMRAM 00000E
Step_Detection@prev_x     bssCOMRAM    00003F
Step_Detection@prev_y     bssCOMRAM    00003D
Step_Detection@x_val      cstackCOMRAM 000008
Step_Detection@y_val      cstackCOMRAM 00000A
_ADACQH                   (abs)        003EF4
_ADACQL                   (abs)        003EF3
_ADCLK                    (abs)        003EFF
_ADCON0bits               (abs)        003EF8
_ADC_Init                 text17       002736
_ADC_Read                 text16       00268E
_ADPCH                    (abs)        003EF1
_ADPREH                   (abs)        003EF7
_ADPREL                   (abs)        003EF6
_ADRESH                   (abs)        003EF0
_ADRESL                   (abs)        003EEF
_ANSELAbits               (abs)        003A40
_ANSELB                   (abs)        003A50
_ANSELCbits               (abs)        003A60
_ANSELD                   (abs)        003A70
_ANSELDbits               (abs)        003A70
_INTCON0bits              (abs)        003FD2
_IOCCFbits                (abs)        003A67
_IOCCNbits                (abs)        003A66
_IOCCPbits                (abs)        003A65
_ISR                      text18       0023F8
_LATB                     (abs)        003FBB
_LATD                     (abs)        003FBD
_LATDbits                 (abs)        003FBD
_LCD_Char                 text13       0026E8
_LCD_Command              text15       002710
_LCD_Init                 text14       00219A
_LCD_Print_Status         text1        0024CA
_LCD_String               text12       0026BE
_LCD_String_xy            text11       00262C
_PIE0bits                 (abs)        003990
_PIR0bits                 (abs)        0039A0
_PORTC                    (abs)        003FCC
_Step_Detection           text9        00252A
_TRISAbits                (abs)        003FC2
_TRISB                    (abs)        003FC3
_TRISCbits                (abs)        003FC4
_TRISD                    (abs)        003FC5
_TRISDbits                (abs)        003FC5
__HRAM                    (abs)        000000
__H__absolute__           __absolute__ 000000
__Habs1                   abs1         000000
__Hbank0                  bank0        000000
__Hbank1                  bank1        000000
__Hbank10                 bank10       000000
__Hbank11                 bank11       000000
__Hbank12                 bank12       000000
__Hbank13                 bank13       000000
__Hbank14                 bank14       000000
__Hbank15                 bank15       000000
__Hbank16                 bank16       000000
__Hbank17                 bank17       000000
__Hbank18                 bank18       000000
__Hbank19                 bank19       000000
__Hbank2                  bank2        000000
__Hbank20                 bank20       000000
__Hbank21                 bank21       000000
__Hbank22                 bank22       000000
__Hbank23                 bank23       000000
__Hbank24                 bank24       000000
__Hbank25                 bank25       000000
__Hbank26                 bank26       000000
__Hbank27                 bank27       000000
__Hbank28                 bank28       000000
__Hbank29                 bank29       000000
__Hbank3                  bank3        000000
__Hbank30                 bank30       000000
__Hbank31                 bank31       000000
__Hbank4                  bank4        000000
__Hbank5                  bank5        000000
__Hbank6                  bank6        000000
__Hbank7                  bank7        000000
__Hbank8                  bank8        000000
__Hbank9                  bank9        000000
__Hbigbss                 bigbss       000000
__Hbigdata                bigdata      000000
__Hbigram                 bigram       000000
__Hbigsfr                 bigsfr       000000
__Hbss                    bss          000000
__HbssBANK0               bssBANK0     000000
__HbssCOMRAM              bssCOMRAM    000000
__Hcinit                  cinit        000000
__Hclrtext                clrtext      000000
__Hcomram                 comram       000000
__Hconfig                 config       30000A
__Hconst                  const        000000
__HcstackCOMRAM           cstackCOMRAM 000000
__Hdata                   data         000000
__HdataCOMRAM             dataCOMRAM   000000
__Heeprom_data            eeprom_data  000000
__Hfarbss                 farbss       000000
__Hfardata                fardata      000000
__Hheap                   heap         000000
__Hibigdata               ibigdata     000000
__Hidata                  idata        000000
__HidataCOMRAM            idataCOMRAM  000000
__Hidloc                  idloc        000000
__Hifardata               ifardata     000000
__Hinit                   init         00001E
__Hintsave_regs           intsave_regs 000000
__Hirdata                 irdata       000000
__Hivt0x8                 ivt0x8       00001A
__Hmediumconst            mediumconst  000000
__HnvFARRAM               nvFARRAM     000000
__Hnvbit                  nvbit        000000
__Hnvrram                 nvrram       000000
__Hparam                  rparam       000000
__Hpowerup                powerup      000000
__Hram                    ram          000000
__Hramtop                 ramtop       002000
__Hrbit                   rbit         000000
__Hrbss                   rbss         000000
__Hrdata                  rdata        000000
__Hreset_vec              reset_vec    000004
__Hrparam                 rparam       000000
__Hsfr                    sfr          000000
__Hsmallconst             smallconst   00201A
__Hspace_0                (abs)        00275D
__Hspace_1                (abs)        000080
__Hspace_2                (abs)        000000
__Hspace_4                (abs)        60000A
__Hstack                  stack        000000
__Hstruct                 struct       000000
__Htemp                   temp         000000
__Htext                   text         000000
__Htext0                  text0        000000
__Htext1                  text1        000000
__Htext10                 text10       000000
__Htext11                 text11       000000
__Htext12                 text12       000000
__Htext13                 text13       000000
__Htext14                 text14       000000
__Htext15                 text15       000000
__Htext16                 text16       000000
__Htext17                 text17       000000
__Htext18                 text18       000000
__Htext2                  text2        000000
__Htext3                  text3        000000
__Htext4                  text4        000000
__Htext5                  text5        000000
__Htext6                  text6        000000
__Htext7                  text7        000000
__Htext8                  text8        000000
__Htext9                  text9        000000
__LRAM                    (abs)        000001
__L__absolute__           __absolute__ 000000
__Labs1                   abs1         000000
__Lbank0                  bank0        000000
__Lbank1                  bank1        000000
__Lbank10                 bank10       000000
__Lbank11                 bank11       000000
__Lbank12                 bank12       000000
__Lbank13                 bank13       000000
__Lbank14                 bank14       000000
__Lbank15                 bank15       000000
__Lbank16                 bank16       000000
__Lbank17                 bank17       000000
__Lbank18                 bank18       000000
__Lbank19                 bank19       000000
__Lbank2                  bank2        000000
__Lbank20                 bank20       000000
__Lbank21                 bank21       000000
__Lbank22                 bank22       000000
__Lbank23                 bank23       000000
__Lbank24                 bank24       000000
__Lbank25                 bank25       000000
__Lbank26                 bank26       000000
__Lbank27                 bank27       000000
__Lbank28                 bank28       000000
__Lbank29                 bank29       000000
__Lbank3                  bank3        000000
__Lbank30                 bank30       000000
__Lbank31                 bank31       000000
__Lbank4                  bank4        000000
__Lbank5                  bank5        000000
__Lbank6                  bank6        000000
__Lbank7                  bank7        000000
__Lbank8                  bank8        000000
__Lbank9                  bank9        000000
__Lbigbss                 bigbss       000000
__Lbigdata                bigdata      000000
__Lbigram                 bigram       000000
__Lbigsfr                 bigsfr       000000
__Lbss                    bss          000000
__LbssBANK0               bssBANK0     000000
__LbssCOMRAM              bssCOMRAM    000000
__Lcinit                  cinit        000000
__Lclrtext                clrtext      000000
__Lcomram                 comram       000000
__Lconfig                 config       000000
__Lconst                  const        000000
__LcstackCOMRAM           cstackCOMRAM 000000
__Ldata                   data         000000
__LdataCOMRAM             dataCOMRAM   000000
__Leeprom_data            eeprom_data  000000
__Lfarbss                 farbss       000000
__Lfardata                fardata      000000
__Lheap                   heap         000000
__Libigdata               ibigdata     000000
__Lidata                  idata        000000
__LidataCOMRAM            idataCOMRAM  000000
__Lidloc                  idloc        000000
__Lifardata               ifardata     000000
__Linit                   init         00001A
__Lintsave_regs           intsave_regs 000000
__Lirdata                 irdata       000000
__Livt0x8                 ivt0x8       000008
__Lmediumconst            mediumconst  000000
__LnvFARRAM               nvFARRAM     000000
__Lnvbit                  nvbit        000000
__Lnvrram                 nvrram       000000
__Lparam                  rparam       000000
__Lpowerup                powerup      000000
__Lram                    ram          000000
__Lramtop                 ramtop       002000
__Lrbit                   rbit         000000
__Lrbss                   rbss         000000
__Lrdata                  rdata        000000
__Lreset_vec              reset_vec    000000
__Lrparam                 rparam       000000
__Lsfr                    sfr          000000
__Lsmallconst             smallconst   002000
__Lspace_0                (abs)        000000
__Lspace_1                (abs)        000000
__Lspace_2                (abs)        000000
__Lspace_4                (abs)        000000
__Lstack                  stack        000000
__Lstruct                 struct       000000
__Ltemp                   temp         000000
__Ltext                   text         000000
__Ltext0                  text0        000000
__Ltext1                  text1        000000
__Ltext10                 text10       000000
__Ltext11                 text11       000000
__Ltext12                 text12       000000
__Ltext13                 text13       000000
__Ltext14                 text14       000000
__Ltext15                 text15       000000
__Ltext16                 text16       000000
__Ltext17                 text17       000000
__Ltext18                 text18       000000
__Ltext2                  text2        000000
__Ltext3                  text3        000000
__Ltext4                  text4        000000
__Ltext5                  text5        000000
__Ltext6                  text6        000000
__Ltext7                  text7        000000
__Ltext8                  text8        000000
__Ltext9                  text9        000000
__S0                      (abs)        00275D
__S1                      (abs)        000080
__S4                      (abs)        000000
__S5                      (abs)        000000
___heap_hi                (abs)        000000
___heap_lo                (abs)        000000
___inthi_sp               stack        000000
___inthi_stack_hi         stack        000000
___inthi_stack_lo         stack        000000
___intlo_sp               stack        000000
___intlo_stack_hi         stack        000000
___intlo_stack_lo         stack        000000
___lwdiv                  text8        002386
___lwdiv@counter          cstackCOMRAM 00000A
___lwdiv@dividend         cstackCOMRAM 000004
___lwdiv@divisor          cstackCOMRAM 000006
___lwdiv@quotient         cstackCOMRAM 000008
___lwmod                  text7        002466
___lwmod@counter          cstackCOMRAM 000008
___lwmod@dividend         cstackCOMRAM 000004
___lwmod@divisor          cstackCOMRAM 000006
___param_bank             (abs)        000000
___rparam_used            (abs)        000001
___sp                     stack        000000
___stack_hi               stack        000000
___stack_lo               stack        000000
__accesstop               (abs)        000060
__activetblptr            (abs)        000003
__end_of_ADC_Init         text17       00275A
__end_of_ADC_Read         text16       0026BE
__end_of_ISR              text18       002466
__end_of_LCD_Char         text13       002710
__end_of_LCD_Command      text15       002736
__end_of_LCD_Init         text14       002250
__end_of_LCD_Print_Status text1        00252A
__end_of_LCD_String       text12       0026E8
__end_of_LCD_String_xy    text11       00265E
__end_of_Step_Detection   text9        002578
__end_of___lwdiv          text8        0023F8
__end_of___lwmod          text7        0024CA
__end_of__initialization  cinit        0025F2
__end_of_abs              text10       00262C
__end_of_fputc            text5        0022FC
__end_of_main             text0        002386
__end_of_putch            text6        00275C
__end_of_sprintf          text2        00268E
__end_of_vfpfcnvrt        text4        00219A
__end_of_vfprintf         text3        0025BA
__initialization          cinit        0025BA
__mediumconst             smallconst   002000
__pbssBANK0               bssBANK0     000060
__pbssCOMRAM              bssCOMRAM    000035
__pcinit                  cinit        0025BA
__pcstackCOMRAM           cstackCOMRAM 000001
__pdataCOMRAM             dataCOMRAM   000056
__pidataCOMRAM            idataCOMRAM  00275C
__pivt0x8                 ivt0x8       000008
__psmallconst             smallconst   002000
__ptext0                  text0        0022FC
__ptext1                  text1        0024CA
__ptext10                 text10       0025F8
__ptext11                 text11       00262C
__ptext12                 text12       0026BE
__ptext13                 text13       0026E8
__ptext14                 text14       00219A
__ptext15                 text15       002710
__ptext16                 text16       00268E
__ptext17                 text17       002736
__ptext18                 text18       0023F8
__ptext2                  text2        00265E
__ptext3                  text3        002578
__ptext4                  text4        00201A
__ptext5                  text5        002250
__ptext6                  text6        00275A
__ptext7                  text7        002466
__ptext8                  text8        002386
__ptext9                  text9        00252A
__ramtop                  ramtop       002000
__smallconst              smallconst   002000
_abs                      text10       0025F8
_adc_value                bssCOMRAM    000043
_adc_voltage              bssCOMRAM    000035
_dbuf                     bssBANK0     000060
_flags                    bssCOMRAM    000045
_fputc                    text5        002250
_lcd_buffer               bssCOMRAM    000046
_main                     text0        0022FC
_prec                     bssCOMRAM    00003B
_putch                    text6        00275A
_ready_for_step           dataCOMRAM   000056
_sprintf                  text2        00265E
_step_count               bssCOMRAM    000041
_vfpfcnvrt                text4        00201A
_vfprintf                 text3        002578
_width                    bssCOMRAM    000039
abs@a                     cstackCOMRAM 000004
end_of_initialization     cinit        0025F2
fputc@c                   cstackCOMRAM 000004
fputc@fp                  cstackCOMRAM 000006
intlevel0                 text         000000
intlevel1                 text         000000
intlevel2                 text         000000
intlevel3                 text         000000
isa$std                   (abs)        000001
isa$xinst                 (abs)        000000
ivt0x8_base               ivt0x8       000008
main@x_val                cstackCOMRAM 000031
main@y_val                cstackCOMRAM 000033
sprintf@ap                cstackCOMRAM 00001E
sprintf@f                 cstackCOMRAM 00001F
sprintf@fmt               cstackCOMRAM 00001B
sprintf@s                 cstackCOMRAM 00001A
stackhi                   (abs)        000000
stacklo                   (abs)        000000
start                     init         00001A
start_initialization      cinit        0025BA
vfpfcnvrt@ap              cstackCOMRAM 00000E
vfpfcnvrt@c               cstackCOMRAM 000015
vfpfcnvrt@convarg         cstackCOMRAM 000010
vfpfcnvrt@cp              cstackCOMRAM 000014
vfpfcnvrt@fmt             cstackCOMRAM 00000D
vfpfcnvrt@fp              cstackCOMRAM 00000C
vfprintf@ap               cstackCOMRAM 000018
vfprintf@cfmt             cstackCOMRAM 000019
vfprintf@fmt              cstackCOMRAM 000017
vfprintf@fp               cstackCOMRAM 000016


MODULE INFORMATION

Module		Function		Class		Link	Load	Size
/Applications/microchip/xc8/v3.10/pic/sources/c99/common/lwdiv.c
		___lwdiv       		CODE           	2386	0000	114

/Applications/microchip/xc8/v3.10/pic/sources/c99/common/lwdiv.c estimated size: 114

/Applications/microchip/xc8/v3.10/pic/sources/c99/common/nf_sprintf.c
		_sprintf       		CODE           	265E	0000	48

/Applications/microchip/xc8/v3.10/pic/sources/c99/common/nf_sprintf.c estimated size: 48

shared
		__initialization		CODE           	25BA	0000	56

shared estimated size: 56

/Applications/microchip/xc8/v3.10/pic/sources/c99/common/lwmod.c
		___lwmod       		CODE           	2466	0000	100

/Applications/microchip/xc8/v3.10/pic/sources/c99/common/lwmod.c estimated size: 100

/Applications/microchip/xc8/v3.10/pic/sources/c99/common/putch.c
		_putch         		CODE           	275A	0000	2

/Applications/microchip/xc8/v3.10/pic/sources/c99/common/putch.c estimated size: 2

/Applications/microchip/xc8/v3.10/pic/sources/c99/common/doprnt.c
		_vfpfcnvrt     		CODE           	201A	0000	384
		_vfprintf      		CODE           	2578	0000	66

/Applications/microchip/xc8/v3.10/pic/sources/c99/common/doprnt.c estimated size: 450

/Applications/microchip/xc8/v3.10/pic/sources/c99/common/abs.c
		_abs           		CODE           	25F8	0000	52

/Applications/microchip/xc8/v3.10/pic/sources/c99/common/abs.c estimated size: 52

main.c
		_LCD_String    		CODE           	26BE	0000	42
		_LCD_Init      		CODE           	219A	0000	182
		_LCD_Command   		CODE           	2710	0000	38
		_ISR           		CODE           	23F8	0000	110
		_LCD_String_xy 		CODE           	262C	0000	50
		_main          		CODE           	22FC	0000	138
		_LCD_Char      		CODE           	26E8	0000	40
		_LCD_Print_Status		CODE           	24CA	0000	96
		_ADC_Read      		CODE           	268E	0000	48
		_ADC_Init      		CODE           	2736	0000	36
		_Step_Detection		CODE           	252A	0000	78

main.c estimated size: 858

/Applications/microchip/xc8/v3.10/pic/sources/c99/common/nf_fputc.c
		_fputc         		CODE           	2250	0000	172

/Applications/microchip/xc8/v3.10/pic/sources/c99/common/nf_fputc.c estimated size: 172

